
 RUN  v4.1.11 /Users/sync/code/cosmic-fortune-lab

····x···················

⎯⎯⎯⎯⎯⎯⎯ Failed Tests 1 ⎯⎯⎯⎯⎯⎯⎯

 FAIL  tests/engine/bazi-vertical.test.ts > 八字第一批垂直闭环 > 流年切换改变时间层和快照身份，但保留同一出生输入
AssertionError: expected false to be true // Object.is equality

- Expected
+ Received

- true
+ false

 ❯ tests/engine/bazi-vertical.test.ts:158:7
    156|         (rule) => rule.status === "unknown" && rule.evidence.length ==…
    157|       ),
    158|     ).toBe(true);
       |       ^
    159|     for (const topic of FIRST_BAZI_TOPIC_IDS) {
    160|       expect(viewed.topicMap[topic].status).toBe("unknown");

⎯⎯⎯⎯⎯⎯⎯⎯⎯⎯⎯⎯⎯⎯⎯⎯⎯⎯⎯⎯⎯⎯⎯⎯[1/1]⎯


 Test Files  1 failed | 1 passed (2)
      Tests  1 failed | 23 passed (24)
   Start at  03:51:06
   Duration  888ms (transform 500ms, setup 0ms, import 661ms, tests 128ms, environment 0ms)

