
 RUN  v4.1.11 /Users/sync/code/cosmic-fortune-lab

·x·······x··············

⎯⎯⎯⎯⎯⎯⎯ Failed Tests 2 ⎯⎯⎯⎯⎯⎯⎯

 FAIL  tests/engine/bazi-vertical.test.ts > 八字第一批垂直闭环 > 大运与流年关系分类只归一结构关系，不推断吉凶
AssertionError: expected [ [ 2026, '相冲' ], [ 2027, '其他' ] ] to deeply equal [ [ 2026, '相冲' ], [ 2027, '相克' ] ]

- Expected
+ Received

@@ -3,8 +3,8 @@
      2026,
      "相冲",
    ],
    [
      2027,
-     "相克",
+     "其他",
    ],
  ]

 ❯ tests/engine/bazi-vertical.test.ts:93:7
     91|         .filter((fact) => fact.key === "dayun_liunian_relation_class")
     92|         .map((fact) => [fact.scope.year, fact.value]),
     93|     ).toEqual([
       |       ^
     94|       [2026, "相冲"],
     95|       [2027, "相克"],

⎯⎯⎯⎯⎯⎯⎯⎯⎯⎯⎯⎯⎯⎯⎯⎯⎯⎯⎯⎯⎯⎯⎯⎯[1/2]⎯

 FAIL  tests/engine/bazi-vertical.test.ts > 八字第一批垂直闭环 > 交接七条规则的正例、反例和缺键边界在产品求值器复算
AssertionError: YUANHAIZIPIN-YR-03: expected '满足' to be '不满足' // Object.is equality

Expected: "不满足"
Received: "满足"

 ❯ tests/engine/bazi-vertical.test.ts:283:78
    281|       );
    282|       expect(evaluateApplicableTo(predicate, positive).verdict, rule.r…
    283|       expect(evaluateApplicableTo(predicate, negative).verdict, rule.r…
       |                                                                              ^
    284|       expect(evaluateApplicableTo(predicate, boundary).verdict, rule.r…
    285|     }

⎯⎯⎯⎯⎯⎯⎯⎯⎯⎯⎯⎯⎯⎯⎯⎯⎯⎯⎯⎯⎯⎯⎯⎯[2/2]⎯


 Test Files  1 failed | 1 passed (2)
      Tests  2 failed | 22 passed (24)
   Start at  03:46:09
   Duration  987ms (transform 550ms, setup 0ms, import 750ms, tests 132ms, environment 0ms)

